EN pciarb NULL ../../lib/esa/pci/pciarb.vhd sub00/vhpl07 1235093506
PH pcicomp NULL ../../lib/esa/pci/pcicomp.vhd sub00/vhpl03 1235093505
AR pci_arb rtl ../../lib/esa/pci/pci_arb.vhd sub00/vhpl06 1235093507
PH pci_arb_pkg NULL ../../lib/esa/pci/pci_arb_pkg.vhd sub00/vhpl04 1235093505
EN mctrl NULL ../../lib/esa/memoryctrl/mctrl.vhd sub00/vhpl01 1235093506
AR mctrl rtl ../../lib/esa/memoryctrl/mctrl.vhd sub00/vhpl02 1235093507
PH memoryctrl NULL ../../lib/esa/memoryctrl/memoryctrl.vhd sub00/vhpl00 1235093505
AR pciarb rtl ../../lib/esa/pci/pciarb.vhd sub00/vhpl08 1235093507
EN pci_arb NULL ../../lib/esa/pci/pci_arb.vhd sub00/vhpl05 1235093506
